found 0 vulnerabilities

C:\Users\OveRX\Downloads\OrganizeFinance (2)\OrganizeFinance>npm run dev       

> nodejs@1.0.0 dev
> node index.js

C:\Users\OveRX\Downloads\OrganizeFinance (2)\OrganizeFinance\node_modules\.prisma\client\default.js:43
    throw new Error('@prisma/client did not initialize yet. Please run "prisma generate" and try to import it again.');
    ^

Error: @prisma/client did not initialize yet. Please run "prisma generate" and try to import it again.
    at new PrismaClient (C:\Users\OveRX\Downloads\OrganizeFinance (2)\OrganizeFinance\node_modules\.prisma\client\default.js:43:11)
    at Object.<anonymous> (C:\Users\OveRX\Downloads\OrganizeFinance (2)\OrganizeFinance\index.js:9:16)
    at Module._compile (node:internal/modules/cjs/loader:1761:14)
    at Object..js (node:internal/modules/cjs/loader:1893:10)
    at Module.load (node:internal/modules/cjs/loader:1481:32)
    at Module._load (node:internal/modules/cjs/loader:1300:12)
    at TracingChannel.traceSync (node:diagnostics_channel:328:14)
    at wrapModuleLoad (node:internal/modules/cjs/loader:245:24)
    at Module.executeUserEntryPoint [as runMain] (node:internal/modules/run_main:154:5)    
    at node:internal/main/run_main_module:33:47

Node.js v24.11.1

C:\Users\OveRX\Downloads\OrganizeFinance (2)\OrganizeFinance>npm prisma generate
Unknown command: "prisma"

To see a list of supported npm commands, run:
  npm help

C:\Users\OveRX\Downloads\OrganizeFinance (2)\OrganizeFinance>npx prisma generate
Failed to load config file "C:\Users\OveRX\Downloads\OrganizeFinance (2)\OrganizeFinance" as a TypeScript/JavaScript module. Error: PrismaConfigEnvError: Missing required environment variable: DATABASE_URL

C:\Users\OveRX\Downloads\OrganizeFinance (2)\OrganizeFinance>
C:\Users\OveRX\Downloads\OrganizeFinance (2)\OrganizeFinance>npm run dev        

> nodejs@1.0.0 dev
> node index.js

C:\Users\OveRX\Downloads\OrganizeFinance (2)\OrganizeFinance\node_modules\.prisma\client\default.js:43
    throw new Error('@prisma/client did not initialize yet. Please run "prisma generate" and try to import it again.');
    ^

Error: @prisma/client did not initialize yet. Please run "prisma generate" and try to import it again.
    at new PrismaClient (C:\Users\OveRX\Downloads\OrganizeFinance (2)\OrganizeFinance\node_modules\.prisma\client\default.js:43:11)
    at Object.<anonymous> (C:\Users\OveRX\Downloads\OrganizeFinance (2)\OrganizeFinance\index.js:9:16)
    at Module._compile (node:internal/modules/cjs/loader:1761:14)
    at Object..js (node:internal/modules/cjs/loader:1893:10)
    at Module.load (node:internal/modules/cjs/loader:1481:32)
    at Module._load (node:internal/modules/cjs/loader:1300:12)
    at TracingChannel.traceSync (node:diagnostics_channel:328:14)
    at wrapModuleLoad (node:internal/modules/cjs/loader:245:24)
    at Module.executeUserEntryPoint [as runMain] (node:internal/modules/run_main:154:5)    
    at node:internal/main/run_main_module:33:47

Node.js v24.11.1

C:\Users\OveRX\Downloads\OrganizeFinance (2)\OrganizeFinance>npx prisma generate
Failed to load config file "C:\Users\OveRX\Downloads\OrganizeFinance (2)\OrganizeFinance" as a TypeScript/JavaScript module. Error: PrismaConfigEnvError: Missing required environment variable: DATABASE_URL

C:\Users\OveRX\Downloads\OrganizeFinance (2)\OrganizeFinance>npx prisma generate
Failed to load config file "C:\Users\OveRX\Downloads\OrganizeFinance (2)\OrganizeFinance" as a TypeScript/JavaScript module. Error: PrismaConfigEnvError: Missing required environment variable: DATABASE_URL

C:\Users\OveRX\Downloads\OrganizeFinance (2)\OrganizeFinance>openssl rand -base64 32
'openssl' nÃ£o Ã© reconhecido como um comando interno
ou externo, um programa operÃ¡vel ou um arquivo em lotes.

C:\Users\OveRX\Downloads\OrganizeFinance (2)\OrganizeFinance>openssl rand -base64 32
'openssl' nÃ£o Ã© reconhecido como um comando interno
ou externo, um programa operÃ¡vel ou um arquivo em lotes.

C:\Users\OveRX\Downloads\OrganizeFinance (2)\OrganizeFinance>npx prisma generate    
Failed to load config file "C:\Users\OveRX\Downloads\OrganizeFinance (2)\OrganizeFinance" as a TypeScript/JavaScript module. Error: PrismaConfigEnvError: Missing required environment variable: DATABASE_URL

C:\Users\OveRX\Downloads\OrganizeFinance (2)\OrganizeFinance>npx prisma generate
Failed to load config file "C:\Users\OveRX\Downloads\OrganizeFinance (2)\OrganizeFinance" as a TypeScript/JavaScript module. Error: PrismaConfigEnvError: Missing required environment variable: DATABASE_URL

C:\Users\OveRX\Downloads\OrganizeFinance (2)\OrganizeFinance>
 *  History restored 

Microsoft Windows [versÃ£o 10.0.26100.6899]
(c) Microsoft Corporation. Todos os direitos reservados.

C:\Users\OveRX\Downloads\OrganizeFinance (2)\OrganizeFinance>npm run dev

> nodejs@1.0.0 dev
> node index.js

C:\Users\OveRX\Downloads\OrganizeFinance (2)\OrganizeFinance\node_modules\.prisma\client\default.js:43
    throw new Error('@prisma/client did not initialize yet. Please run "prisma generate" and try to import it again.');
    ^

Error: @prisma/client did not initialize yet. Please run "prisma generate" and try to import it again.
    at new PrismaClient (C:\Users\OveRX\Downloads\OrganizeFinance (2)\OrganizeFinance\node_modules\.prisma\client\default.js:43:11)
    at Object.<anonymous> (C:\Users\OveRX\Downloads\OrganizeFinance (2)\OrganizeFinance\index.js:9:16)
    at Module._compile (node:internal/modules/cjs/loader:1761:14)
    at Object..js (node:internal/modules/cjs/loader:1893:10)
    at Module.load (node:internal/modules/cjs/loader:1481:32)
    at Module._load (node:internal/modules/cjs/loader:1300:12)
    at TracingChannel.traceSync (node:diagnostics_channel:328:14)
    at wrapModuleLoad (node:internal/modules/cjs/loader:245:24)
    at Module.executeUserEntryPoint [as runMain] (node:internal/modules/run_main:154:5)    
    at node:internal/main/run_main_module:33:47

Node.js v24.11.1

C:\Users\OveRX\Downloads\OrganizeFinance (2)\OrganizeFinance>npx prisma generate
Failed to load config file "C:\Users\OveRX\Downloads\OrganizeFinance (2)\OrganizeFinance" as a TypeScript/JavaScript module. Error: PrismaConfigEnvError: Missing required environment variable: DATABASE_URL

C:\Users\OveRX\Downloads\OrganizeFinance (2)\OrganizeFinance>npx prisma generate  
Failed to load config file "C:\Users\OveRX\Downloads\OrganizeFinance (2)\OrganizeFinance" as a TypeScript/JavaScript module. Error: PrismaConfigEnvError: Missing required environment variable: DATABASE_URL

C:\Users\OveRX\Downloads\OrganizeFinance (2)\OrganizeFinance>del prisma.config.ts

C:\Users\OveRX\Downloads\OrganizeFinance (2)\OrganizeFinance>npx prisma generate
Environment variables loaded from .env
Prisma schema loaded from prisma\schema.prisma
npx prisma migrate dev --name init
npm run dev
âœ” Generated Prisma Client (v6.19.0) to .\node_modules\@prisma\client in 52ms

Start by importing your Prisma Client (See: https://pris.ly/d/importing-client)

Tip: Want to turn off tips and other hints? https://pris.ly/tip-4-nohints


C:\Users\OveRX\Downloads\OrganizeFinance (2)\OrganizeFinance>npm run dev         

> nodejs@1.0.0 dev
> node index.js

ðŸš€ Servidor rodando em http://localhost:5000
ðŸ“‚ Servindo arquivos da pasta 'public'
ðŸ” Sistema de autenticaÃ§Ã£o ativo
Erro ao fazer login: PrismaClientInitializationError: 
Invalid `prisma.user.findUnique()` invocation in
C:\Users\OveRX\Downloads\OrganizeFinance (2)\OrganizeFinance\index.js:130:36

  127   return res.status(400).json({ error: 'Email e senha sÃ£o obrigatÃ³rios' });
  128 }
  129
â†’ 130 const user = await prisma.user.findUnique(
error: Error validating datasource `db`: the URL must start with the protocol `postgresql://` or `postgres://`.
  -->  schema.prisma:13
   |
12 |   provider = "postgresql"
13 |   url      = env("DATABASE_URL")
   |

Validation Error Count: 1
    at ei.handleRequestError (C:\Users\OveRX\Downloads\OrganizeFinance (2)\OrganizeFinance\node_modules\@prisma\client\runtime\library.js:121:7568)
    at ei.handleAndLogRequestError (C:\Users\OveRX\Downloads\OrganizeFinance (2)\OrganizeFinance\node_modules\@prisma\client\runtime\library.js:121:6593)
    at ei.request (C:\Users\OveRX\Downloads\OrganizeFinance (2)\OrganizeFinance\node_modules\@prisma\client\runtime\library.js:121:6300)
    at async a (C:\Users\OveRX\Downloads\OrganizeFinance (2)\OrganizeFinance\node_modules\@prisma\client\runtime\library.js:130:9551)
    at async C:\Users\OveRX\Downloads\OrganizeFinance (2)\OrganizeFinance\index.js:130:18 {
  clientVersion: '6.19.0',
  errorCode: undefined,
  retryable: undefined
}
Erro ao registrar: PrismaClientInitializationError: 
Invalid `prisma.user.findUnique()` invocation in
C:\Users\OveRX\Downloads\OrganizeFinance (2)\OrganizeFinance\index.js:86:44

  83   }
  84 }
  85
â†’ 86 const existingUser = await prisma.user.findUnique(
error: Error validating datasource `db`: the URL must start with the protocol `postgresql://` or `postgres://`.
  -->  schema.prisma:13
   |
12 |   provider = "postgresql"
13 |   url      = env("DATABASE_URL")
   |

Validation Error Count: 1
    at ei.handleRequestError (C:\Users\OveRX\Downloads\OrganizeFinance (2)\OrganizeFinance\node_modules\@prisma\client\runtime\library.js:121:7568)
    at ei.handleAndLogRequestError (C:\Users\OveRX\Downloads\OrganizeFinance (2)\OrganizeFinance\node_modules\@prisma\client\runtime\library.js:121:6593)
    at ei.request (C:\Users\OveRX\Downloads\OrganizeFinance (2)\OrganizeFinance\node_modules\@prisma\client\runtime\library.js:121:6300)
    at async a (C:\Users\OveRX\Downloads\OrganizeFinance (2)\OrganizeFinance\node_modules\@prisma\client\runtime\library.js:130:9551)
    at async C:\Users\OveRX\Downloads\OrganizeFinance (2)\OrganizeFinance\index.js:86:26 { 
  clientVersion: '6.19.0',
  errorCode: undefined,
  retryable: undefined
}
Deseja finalizar o arquivo em lotes (S/N)? s

C:\Users\OveRX\Downloads\OrganizeFinance (2)\OrganizeFinance>npm run dev

> nodejs@1.0.0 dev
> node index.js

ðŸš€ Servidor rodando em http://localhost:5000
ðŸ“‚ Servindo arquivos da pasta 'public'
ðŸ” Sistema de autenticaÃ§Ã£o ativo
Erro ao fazer login: PrismaClientInitializationError: 
Invalid `prisma.user.findUnique()` invocation in
C:\Users\OveRX\Downloads\OrganizeFinance (2)\OrganizeFinance\index.js:130:36

  127   return res.status(400).json({ error: 'Email e senha sÃ£o obrigatÃ³rios' });
  128 }
  129
â†’ 130 const user = await prisma.user.findUnique(
error: Error validating datasource `db`: the URL must start with the protocol `postgresql://` or `postgres://`.
  -->  schema.prisma:13
   |
12 |   provider = "postgresql"
13 |   url      = env("DATABASE_URL")
   |

Validation Error Count: 1
    at ei.handleRequestError (C:\Users\OveRX\Downloads\OrganizeFinance (2)\OrganizeFinance\node_modules\@prisma\client\runtime\library.js:121:7568)
    at ei.handleAndLogRequestError (C:\Users\OveRX\Downloads\OrganizeFinance (2)\OrganizeFinance\node_modules\@prisma\client\runtime\library.js:121:6593)
    at ei.request (C:\Users\OveRX\Downloads\OrganizeFinance (2)\OrganizeFinance\node_modules\@prisma\client\runtime\library.js:121:6300)
    at async a (C:\Users\OveRX\Downloads\OrganizeFinance (2)\OrganizeFinance\node_modules\@prisma\client\runtime\library.js:130:9551)
    at async C:\Users\OveRX\Downloads\OrganizeFinance (2)\OrganizeFinance\index.js:130:18 {
  clientVersion: '6.19.0',
  errorCode: undefined,
  retryable: undefined
}
Deseja finalizar o arquivo em lotes (S/N)? 
Deseja finalizar o arquivo em lotes (S/N)? s

C:\Users\OveRX\Downloads\OrganizeFinance (2)\OrganizeFinance>npx prisma generate
Environment variables loaded from .env
Prisma schema loaded from prisma\schema.prisma
npx prisma migrate dev --name init
npm run dev

âœ” Generated Prisma Client (v6.19.0) to .\node_modules\@prisma\client in 52ms

Start by importing your Prisma Client (See: https://pris.ly/d/importing-client)

Tip: Interested in query caching in just a few lines of code? Try Accelerate today! https://pris.ly/tip-3-accelerate


C:\Users\OveRX\Downloads\OrganizeFinance (2)\OrganizeFinance>npm run dev

> nodejs@1.0.0 dev
> node index.js

ðŸš€ Servidor rodando em http://localhost:5000
ðŸ“‚ Servindo arquivos da pasta 'public'
ðŸ” Sistema de autenticaÃ§Ã£o ativo
Erro ao fazer login: PrismaClientInitializationError: 
Invalid `prisma.user.findUnique()` invocation in
C:\Users\OveRX\Downloads\OrganizeFinance (2)\OrganizeFinance\index.js:130:36

  127   return res.status(400).json({ error: 'Email e senha sÃ£o obrigatÃ³rios' });
  128 }
  129
â†’ 130 const user = await prisma.user.findUnique(
error: Error validating datasource `db`: the URL must start with the protocol `postgresql://` or `postgres://`.
  -->  schema.prisma:13
   |
12 |   provider = "postgresql"
13 |   url      = env("DATABASE_URL")
   |

Validation Error Count: 1
    at ei.handleRequestError (C:\Users\OveRX\Downloads\OrganizeFinance (2)\OrganizeFinance\node_modules\@prisma\client\runtime\library.js:121:7568)
    at ei.handleAndLogRequestError (C:\Users\OveRX\Downloads\OrganizeFinance (2)\OrganizeFinance\node_modules\@prisma\client\runtime\library.js:121:6593)
    at ei.request (C:\Users\OveRX\Downloads\OrganizeFinance (2)\OrganizeFinance\node_modules\@prisma\client\runtime\library.js:121:6300)
    at async a (C:\Users\OveRX\Downloads\OrganizeFinance (2)\OrganizeFinance\node_modules\@prisma\client\runtime\library.js:130:9551)
    at async C:\Users\OveRX\Downloads\OrganizeFinance (2)\OrganizeFinance\index.js:130:18 {
  clientVersion: '6.19.0',
  errorCode: undefined,
  retryable: undefined
}
Erro ao fazer login: PrismaClientInitializationError: 
Invalid `prisma.user.findUnique()` invocation in
C:\Users\OveRX\Downloads\OrganizeFinance (2)\OrganizeFinance\index.js:130:36

  127   return res.status(400).json({ error: 'Email e senha sÃ£o obrigatÃ³rios' });
  128 }
  129
â†’ 130 const user = await prisma.user.findUnique(
error: Error validating datasource `db`: the URL must start with the protocol `postgresql://` or `postgres://`.
  -->  schema.prisma:13
   |
12 |   provider = "postgresql"
13 |   url      = env("DATABASE_URL")
   |

Validation Error Count: 1
    at ei.handleRequestError (C:\Users\OveRX\Downloads\OrganizeFinance (2)\OrganizeFinance\node_modules\@prisma\client\runtime\library.js:121:7568)
    at ei.handleAndLogRequestError (C:\Users\OveRX\Downloads\OrganizeFinance (2)\OrganizeFinance\node_modules\@prisma\client\runtime\library.js:121:6593)
    at ei.request (C:\Users\OveRX\Downloads\OrganizeFinance (2)\OrganizeFinance\node_modules\@prisma\client\runtime\library.js:121:6300)
    at async a (C:\Users\OveRX\Downloads\OrganizeFinance (2)\OrganizeFinance\node_modules\@prisma\client\runtime\library.js:130:9551)
    at async C:\Users\OveRX\Downloads\OrganizeFinance (2)\OrganizeFinance\index.js:130:18 {
  clientVersion: '6.19.0',
  errorCode: undefined,
  retryable: undefined
}
Erro ao registrar: PrismaClientInitializationError: 
Invalid `prisma.user.findUnique()` invocation in
C:\Users\OveRX\Downloads\OrganizeFinance (2)\OrganizeFinance\index.js:86:44

  83   }
  84 }
  85
â†’ 86 const existingUser = await prisma.user.findUnique(
error: Error validating datasource `db`: the URL must start with the protocol `postgresql://` or `postgres://`.
  -->  schema.prisma:13
   |
12 |   provider = "postgresql"
13 |   url      = env("DATABASE_URL")
   |

Validation Error Count: 1
    at ei.handleRequestError (C:\Users\OveRX\Downloads\OrganizeFinance (2)\OrganizeFinance\node_modules\@prisma\client\runtime\library.js:121:7568)
    at ei.handleAndLogRequestError (C:\Users\OveRX\Downloads\OrganizeFinance (2)\OrganizeFinance\node_modules\@prisma\client\runtime\library.js:121:6593)
    at ei.request (C:\Users\OveRX\Downloads\OrganizeFinance (2)\OrganizeFinance\node_modules\@prisma\client\runtime\library.js:121:6300)
    at async a (C:\Users\OveRX\Downloads\OrganizeFinance (2)\OrganizeFinance\node_modules\@prisma\client\runtime\library.js:130:9551)
    at async C:\Users\OveRX\Downloads\OrganizeFinance (2)\OrganizeFinance\index.js:86:26 { 
  clientVersion: '6.19.0',
  errorCode: undefined,
  retryable: undefined
}
